<html>
<body>
<pre>
<h1>µVision Build Log</h1>
<h2>Project:</h2>
C:\SE_350\context_switching.uvproj
Project File Date:  02/02/2016

<h2>Output:</h2>
Build target 'Context Switching SIM'
assembling startup_LPC17xx.s...
compiling system_LPC17xx.c...
compiling uart_polling.c...
compiling printf.c...
compiling main_svc.c...
compiling uart_irq.c...
compiling HAL.c...
compiling k_rtx_init.c...
compiling k_memory.c...
compiling k_process.c...
compiling usr_proc.c...
linking...
Program Size: Code=3592 RO-data=412 RW-data=52 ZI-data=676  
"context_switching.axf" - 0 Error(s), 0 Warning(s).
